
> frontend@0.0.0 build
> tsc -b && vite build

src/pages/admin/ActivityLog.tsx(8,8): error TS6133: 'ActivityAction' is declared but its value is never read.
src/pages/admin/ActivityLog.tsx(9,8): error TS6133: 'ActivityEntityType' is declared but its value is never read.
